// Jest Snapshot v1, https://goo.gl/fbAQLP

exports[`Application should render the application 1`] = `
<div>
  <h1>
    Write your app here
  </h1>
</div>
`;
